src/components/organisms/ProductForm.tsx(1,38): error TS6133: 'useMemo' is declared but its value is never read.
src/components/organisms/ProductForm.tsx(32,23): error TS2554: Expected 2-3 arguments, but got 1.
src/components/organisms/ProductForm.tsx(108,26): error TS2558: Expected 12 type arguments, but got 1.
src/components/organisms/ProductForm.tsx(162,12): error TS6133: 'isFetchingDeps' is declared but its value is never read.
src/components/organisms/ProductForm.tsx(289,35): error TS6133: 'field' is declared but its value is never read.
src/components/organisms/ProductForm.tsx(507,92): error TS7006: Parameter 'v' implicitly has an 'any' type.
src/components/organisms/SupplierForm.tsx(37,7): error TS2322: Type 'ZodObject<{ name: ZodString; email: ZodString; phone: ZodOptional<ZodString>; contact_person: ZodOptional<ZodString>; address: ZodOptional<...>; npwp: ZodOptional<...>; nok_rek: ZodOptional<...>; }, $strip>' is not assignable to type 'FormValidateOrFn<{ name: string; email: string; phone: string | undefined; contact_person: string | undefined; address: string | undefined; npwp: string | undefined; nok_rek: string | undefined; }> | undefined'.
  Type 'ZodObject<{ name: ZodString; email: ZodString; phone: ZodOptional<ZodString>; contact_person: ZodOptional<ZodString>; address: ZodOptional<...>; npwp: ZodOptional<...>; nok_rek: ZodOptional<...>; }, $strip>' is not assignable to type 'StandardSchemaV1<{ name: string; email: string; phone: string | undefined; contact_person: string | undefined; address: string | undefined; npwp: string | undefined; nok_rek: string | undefined; }, unknown>'.
    The types of ''~standard'.types' are incompatible between these types.
      Type 'Types<{ name: string; email: string; phone?: string | undefined; contact_person?: string | undefined; address?: string | undefined; npwp?: string | undefined; nok_rek?: string | undefined; }, { ...; }> | undefined' is not assignable to type 'StandardSchemaV1Types<{ name: string; email: string; phone: string | undefined; contact_person: string | undefined; address: string | undefined; npwp: string | undefined; nok_rek: string | undefined; }, unknown> | undefined'.
        Type 'Types<{ name: string; email: string; phone?: string | undefined; contact_person?: string | undefined; address?: string | undefined; npwp?: string | undefined; nok_rek?: string | undefined; }, { ...; }>' is not assignable to type 'StandardSchemaV1Types<{ name: string; email: string; phone: string | undefined; contact_person: string | undefined; address: string | undefined; npwp: string | undefined; nok_rek: string | undefined; }, unknown>'.
          Types of property 'input' are incompatible.
            Type '{ name: string; email: string; phone?: string | undefined; contact_person?: string | undefined; address?: string | undefined; npwp?: string | undefined; nok_rek?: string | undefined; }' is not assignable to type '{ name: string; email: string; phone: string | undefined; contact_person: string | undefined; address: string | undefined; npwp: string | undefined; nok_rek: string | undefined; }'.
              Property 'phone' is optional in type '{ name: string; email: string; phone?: string | undefined; contact_person?: string | undefined; address?: string | undefined; npwp?: string | undefined; nok_rek?: string | undefined; }' but required in type '{ name: string; email: string; phone: string | undefined; contact_person: string | undefined; address: string | undefined; npwp: string | undefined; nok_rek: string | undefined; }'.
src/routes/admin/_layout/direktori-supplier/index.tsx(2,8): error TS6133: 'React' is declared but its value is never read.
src/routes/admin/_layout/direktori-supplier/index.tsx(20,11): error TS6196: 'GeneratedVariant' is declared but never used.
src/routes/admin/_layout/pesanan-pembelian/create.tsx(4,1): error TS6133: 'Button' is declared but its value is never read.
src/routes/admin/_layout/pesanan-pembelian/create.tsx(328,41): error TS6133: 'index' is declared but its value is never read.
